$ git init
Reinitialized existing Git repository in D:/k8s-observability-project/.git/

shekk@Shekkar MINGW64 /d/k8s-observability-project (main)
$ git add .

shekk@Shekkar MINGW64 /d/k8s-observability-project (main)
$ git commit -m "Add observability project with troubleshooting labs"
On branch main
nothing to commit, working tree clean

shekk@Shekkar MINGW64 /d/k8s-observability-project (main)
$ git branch -M main

shekk@Shekkar MINGW64 /d/k8s-observability-project (main)
$ git remote add origin https://github.com/shekar1221/k8s-observability-project.git
error: remote origin already exists.

shekk@Shekkar MINGW64 /d/k8s-observability-project (main)
$ git push -u origin main
remote: Repository not found.
fatal: repository 'https://github.com/shekar1221/k8s-observability-project-codex.git/' not found

shekk@Shekkar MINGW64 /d/k8s-observability-project (main)
$ git remote -v
git remote set-url origin https://github.com/shekar1221/k8s-observability-project.git
git remote -v
origin  https://github.com/shekar1221/k8s-observability-project-codex.git (fetch)
origin  https://github.com/shekar1221/k8s-observability-project-codex.git (push)
origin  https://github.com/shekar1221/k8s-observability-project.git (fetch)
origin  https://github.com/shekar1221/k8s-observability-project.git (push)

shekk@Shekkar MINGW64 /d/k8s-observability-project (main)
$ git push -u origin main
To https://github.com/shekar1221/k8s-observability-project.git
 ! [rejected]        main -> main (fetch first)
error: failed to push some refs to 'https://github.com/shekar1221/k8s-observability-project.git'
hint: Updates were rejected because the remote contains work that you do not
hint: have locally. This is usually caused by another repository pushing to
hint: the same ref. If you want to integrate the remote changes, use
hint: 'git pull' before pushing again.
hint: See the 'Note about fast-forwards' in 'git push --help' for details.

shekk@Shekkar MINGW64 /d/k8s-observability-project (main)
$ git pull
remote: Enumerating objects: 3, done.
remote: Counting objects: 100% (3/3), done.
remote: Total 3 (delta 0), reused 3 (delta 0), pack-reused 0 (from 0)
Unpacking objects: 100% (3/3), 218 bytes | 8.00 KiB/s, done.
From https://github.com/shekar1221/k8s-observability-project
 * [new branch]      main       -> origin/main
There is no tracking information for the current branch.
Please specify which branch you want to merge with.
See git-pull(1) for details.

    git pull <remote> <branch>

If you wish to set tracking information for this branch you can do so with:

    git branch --set-upstream-to=origin/<branch> main


shekk@Shekkar MINGW64 /d/k8s-observability-project (main)
$ git push -u origin main
To https://github.com/shekar1221/k8s-observability-project.git
 ! [rejected]        main -> main (non-fast-forward)
error: failed to push some refs to 'https://github.com/shekar1221/k8s-observability-project.git'
hint: Updates were rejected because the tip of your current branch is behind
hint: its remote counterpart. If you want to integrate the remote changes,
hint: use 'git pull' before pushing again.
hint: See the 'Note about fast-forwards' in 'git push --help' for details.

shekk@Shekkar MINGW64 /d/k8s-observability-project (main)
$ [200~gh repo create shekar1221/k8s-observability-project --public --source=. --remote=origin --push~^C

shekk@Shekkar MINGW64 /d/k8s-observability-project (main)
$ gh repo create shekar1221/k8s-observability-project --public --source=. --remote=origin --push
bash: gh: command not found

shekk@Shekkar MINGW64 /d/k8s-observability-project (main)
$ git pull origin main --allow-unrelated-his
tories
From https://github.com/shekar1221/k8s-observability-project
 * branch            main       -> FETCH_HEAD
Auto-merging README.md
CONFLICT (add/add): Merge conflict in README.md
Automatic merge failed; fix conflicts and then commit the result.

shekk@Shekkar MINGW64 /d/k8s-observability-project (main|MERGING)
$ git status
On branch main
You have unmerged paths.
  (fix conflicts and run "git commit")
  (use "git merge --abort" to abort the merge)

Unmerged paths:
  (use "git add <file>..." to mark resolution)
        both added:      README.md

no changes added to commit (use "git add" and/or "git commit -a")

shekk@Shekkar MINGW64 /d/k8s-observability-project (main|MERGING)
$ git checkout --ours README.md
Updated 1 path from the index

shekk@Shekkar MINGW64 /d/k8s-observability-project (main|MERGING)
$ git add README.md
git commit -m "Resolve README merge conflict"
[main 6a6f25b] Resolve README merge conflict

shekk@Shekkar MINGW64 /d/k8s-observability-project (main)
$ git push -u origin main
Enumerating objects: 55, done.
Counting objects: 100% (55/55), done.
Delta compression using up to 8 threads
Compressing objects: 100% (52/52), done.
Writing objects: 100% (53/53), 23.98 KiB | 1.20 MiB/s, done.
Total 53 (delta 13), reused 0 (delta 0), pack-reused 0 (from 0)
remote: Resolving deltas: 100% (13/13), done.
To https://github.com/shekar1221/k8s-observability-project.git
   87350c9..6a6f25b  main -> main
branch 'main' set up to track 'origin/main'.

shekk@Shekkar MINGW64 /d/k8s-observability-project (main)
$ 





